[themedox.com/demo/cycure/index-3.html]
[backblue.gif]
[fade.gif]
[index.html]
[themedox.com/demo/cycure/assets/img/favicon.png]
[themedox.com/demo/cycure/assets/css/bootstrap.min.css]
[themedox.com/demo/cycure/assets/css/animate.min.css]
[themedox.com/demo/cycure/assets/css/magnific-popup.css]
[themedox.com/demo/cycure/assets/css/fontawesome-all.min.css]
[themedox.com/demo/cycure/assets/css/odometer.css]
[themedox.com/demo/cycure/assets/css/flaticon.css]
[themedox.com/demo/cycure/assets/css/slick.css]
[themedox.com/demo/cycure/assets/css/default.css]
[themedox.com/demo/cycure/assets/css/style.css]
[themedox.com/demo/cycure/assets/css/responsive.css]
[themedox.com/demo/cycure/index.html]
[themedox.com/demo/cycure/assets/img/logo/logo.png]
[themedox.com/demo/cycure/index-2.html]
[themedox.com/demo/cycure/about-us.html]
[themedox.com/demo/cycure/services.html]
[themedox.com/demo/cycure/services-details.html]
[themedox.com/demo/cycure/pricing.html]
[themedox.com/demo/cycure/team.html]
[themedox.com/demo/cycure/faq.html]
[themedox.com/demo/cycure/404.html]
[themedox.com/demo/cycure/shop.html]
[themedox.com/demo/cycure/shop-details.html]
[themedox.com/demo/cycure/blog-grid.html]
[themedox.com/demo/cycure/blog.html]
[themedox.com/demo/cycure/blog-details.html]
[themedox.com/demo/cycure/contact.html]
[themedox.com/demo/cycure/assets/img/icons/dots.png]
[themedox.com/demo/cycure/assets/img/icons/cross.svg]
[themedox.com/demo/cycure/assets/img/banner/banner_bg.jpg]
[themedox.com/demo/cycure/assets/img/banner/banner_img01.png]
[themedox.com/demo/cycure/assets/img/brand/brand_01.png]
[themedox.com/demo/cycure/assets/img/brand/brand_02.png]
[themedox.com/demo/cycure/assets/img/brand/brand_03.png]
[themedox.com/demo/cycure/assets/img/brand/brand_04.png]
[themedox.com/demo/cycure/assets/img/brand/brand_05.png]
[themedox.com/demo/cycure/assets/img/others/about.png]
[themedox.com/demo/cycure/assets/img/others/help_img.png]
[themedox.com/demo/cycure/assets/img/icons/quote.png]
[themedox.com/demo/cycure/assets/img/others/avatar01.png]
[themedox.com/demo/cycure/assets/img/others/avatar02.png]
[themedox.com/demo/cycure/assets/img/others/avatar03.png]
[themedox.com/demo/cycure/assets/img/blog/blog_thumb01.jpg]
[themedox.com/demo/cycure/assets/img/blog/blog_thumb02.jpg]
[themedox.com/demo/cycure/assets/img/blog/blog_thumb03.jpg]
[themedox.com/demo/cycure/assets/img/blog/blog_thumb04.jpg]
[themedox.com/demo/cycure/assets/img/blog/blog_thumb05.jpg]
[themedox.com/demo/cycure/assets/img/bg/footer_bg.jpg]
[themedox.com/demo/cycure/srevices.html]
[themedox.com/demo/cycure/assets/js/vendor/jquery-3.6.0.min.js]
[themedox.com/demo/cycure/assets/js/bootstrap.min.js]
[themedox.com/demo/cycure/assets/js/jquery.magnific-popup.min.js]
[themedox.com/demo/cycure/assets/js/jquery.odometer.min.js]
[themedox.com/demo/cycure/assets/js/jquery.appear.js]
[themedox.com/demo/cycure/assets/js/particles.min.js]
[themedox.com/demo/cycure/assets/js/slick.min.js]
[themedox.com/demo/cycure/assets/js/ajax-form.js]
[themedox.com/demo/cycure/assets/js/wow.min.js]
[themedox.com/demo/cycure/index-3.html]
[themedox.com/demo/cycure/assets/js/main.js]
[themedox.com/demo/cycure/assets/css/bootstrap.min.css]
[themedox.com/demo/cycure/assets/css/animate.min.css]
[themedox.com/demo/cycure/assets/css/magnific-popup.css]
[themedox.com/demo/cycure/assets/fonts/fa-brands-400.eot]
[themedox.com/demo/cycure/assets/fonts/fa-brands-400d41d.eot]
[themedox.com/demo/cycure/assets/fonts/fa-brands-400.woff2]
[themedox.com/demo/cycure/assets/fonts/fa-brands-400.woff]
[themedox.com/demo/cycure/assets/fonts/fa-brands-400.ttf]
[themedox.com/demo/cycure/assets/fonts/fa-regular-400.eot]
[themedox.com/demo/cycure/assets/fonts/fa-regular-400d41d.eot]
[themedox.com/demo/cycure/assets/fonts/fa-regular-400.woff2]
[themedox.com/demo/cycure/assets/fonts/fa-regular-400.woff]
[themedox.com/demo/cycure/assets/fonts/fa-regular-400.ttf]
[themedox.com/demo/cycure/assets/fonts/fa-regular-400.svg]
[themedox.com/demo/cycure/assets/fonts/fa-brands-400.svg]
[themedox.com/demo/cycure/assets/fonts/fa-solid-900.eot]
[themedox.com/demo/cycure/assets/fonts/fa-solid-900d41d.eot]
[themedox.com/demo/cycure/assets/fonts/fa-solid-900.woff2]
[themedox.com/demo/cycure/assets/fonts/fa-solid-900.woff]
[themedox.com/demo/cycure/assets/fonts/fa-solid-900.ttf]
[themedox.com/demo/cycure/assets/css/fontawesome-all.min.css]
[themedox.com/demo/cycure/assets/css/odometer.css]
[themedox.com/demo/cycure/assets/fonts/flaticon8028.ttf]
[themedox.com/demo/cycure/assets/fonts/flaticon8028.woff]
[themedox.com/demo/cycure/assets/fonts/flaticon8028.woff2]
[themedox.com/demo/cycure/assets/fonts/flaticon8028.eot]
[themedox.com/demo/cycure/assets/css/flaticon.css]
[themedox.com/demo/cycure/assets/fonts/flaticon8028.svg]
[themedox.com/demo/cycure/assets/css/slick.css]
[themedox.com/demo/cycure/assets/css/default.css]
[themedox.com/demo/cycure/assets/img/banner/banner_gradient.png]
[themedox.com/demo/cycure/assets/fonts/fa-solid-900.svg]
[themedox.com/demo/cycure/assets/img/others/about_gradient.png]
[themedox.com/demo/cycure/assets/img/icons/star.svg]
[themedox.com/demo/cycure/assets/img/others/help_gradient.png]
[themedox.com/demo/cycure/assets/img/bg/video_bg.jpg]
[themedox.com/demo/cycure/assets/img/icons/reply_arrow.svg]
[themedox.com/demo/cycure/assets/css/style.css]
[themedox.com/demo/cycure/assets/css/responsive.css]
[themedox.com/demo/cycure/assets/img/banner/banner_bg02.jpg]
[themedox.com/demo/cycure/assets/img/banner/banner_img02.png]
[themedox.com/demo/cycure/assets/img/others/security_img.png]
[themedox.com/demo/cycure/assets/img/others/steps_01.png]
[themedox.com/demo/cycure/assets/img/others/steps_02.png]
[themedox.com/demo/cycure/assets/img/others/steps_03.png]
[themedox.com/demo/cycure/assets/img/team/team_01.jpg]
[themedox.com/demo/cycure/assets/img/team/team_02.jpg]
[themedox.com/demo/cycure/assets/img/team/team_03.jpg]
[themedox.com/demo/cycure/assets/img/team/team_04.jpg]
[themedox.com/demo/cycure/assets/img/team/team_05.jpg]
[themedox.com/demo/cycure/assets/img/team/team_06.jpg]
[themedox.com/demo/cycure/assets/img/team/team_07.jpg]
[themedox.com/demo/cycure/assets/img/team/team_08.jpg]
[themedox.com/demo/cycure/index.html]
[themedox.com/demo/cycure/assets/img/banner/background.jpg]
[themedox.com/demo/cycure/assets/js/app.js]
[themedox.com/demo/cycure/index-2.html]
[themedox.com/demo/cycure/assets/img/bg/breadcrumb_bg.png]
[themedox.com/demo/cycure/about-us.html]
[themedox.com/demo/cycure/services.html]
[themedox.com/demo/cycure/assets/img/others/services_details.jpg]
[themedox.com/demo/cycure/services-details.html]
[themedox.com/demo/cycure/pricing.html]
[themedox.com/demo/cycure/team.html]
[themedox.com/demo/cycure/faq.html]
[themedox.com/demo/cycure/404.html]
[themedox.com/demo/cycure/assets/img/icons/cart.svg]
[themedox.com/demo/cycure/assets/img/shop/shop_item01.jpg]
[themedox.com/demo/cycure/assets/img/shop/shop_item02.jpg]
[themedox.com/demo/cycure/assets/img/shop/shop_item03.jpg]
[themedox.com/demo/cycure/assets/img/shop/shop_item04.jpg]
[themedox.com/demo/cycure/assets/img/shop/shop_item05.jpg]
[themedox.com/demo/cycure/assets/img/shop/shop_item06.jpg]
[themedox.com/demo/cycure/assets/img/shop/shop_item07.jpg]
[themedox.com/demo/cycure/assets/img/shop/shop_item08.jpg]
[themedox.com/demo/cycure/assets/img/shop/shop_item09.jpg]
[themedox.com/demo/cycure/assets/img/shop/shop_item10.jpg]
[themedox.com/demo/cycure/assets/img/shop/shop_item11.jpg]
[themedox.com/demo/cycure/assets/img/shop/shop_item12.jpg]
[themedox.com/demo/cycure/shop.html]
[themedox.com/demo/cycure/assets/img/shop/shop_nav01.jpg]
[themedox.com/demo/cycure/assets/img/shop/shop_nav02.jpg]
[themedox.com/demo/cycure/assets/img/shop/shop_nav03.jpg]
[themedox.com/demo/cycure/assets/img/shop/shop_nav04.jpg]
[themedox.com/demo/cycure/assets/img/shop/shop_details_img01.jpg]
[themedox.com/demo/cycure/assets/img/shop/shop_details_img02.jpg]
[themedox.com/demo/cycure/assets/img/shop/shop_details_img03.jpg]
[themedox.com/demo/cycure/assets/img/shop/shop_details_img04.jpg]
[themedox.com/demo/cycure/assets/img/others/review_author.png]
[themedox.com/demo/cycure/shop-details.html]
[themedox.com/demo/cycure/assets/img/blog/blog_thumb06.jpg]
[themedox.com/demo/cycure/assets/img/blog/blog_thumb07.jpg]
[themedox.com/demo/cycure/assets/img/blog/blog_thumb08.jpg]
[themedox.com/demo/cycure/assets/img/blog/blog_thumb09.jpg]
[themedox.com/demo/cycure/assets/img/blog/blog_thumb10.jpg]
[themedox.com/demo/cycure/assets/img/blog/blog_thumb11.jpg]
[themedox.com/demo/cycure/assets/img/blog/blog_thumb12.jpg]
[themedox.com/demo/cycure/blog-grid.html]
[themedox.com/demo/cycure/assets/img/blog/standard_thumb01.jpg]
[themedox.com/demo/cycure/assets/img/blog/standard_thumb02.jpg]
[themedox.com/demo/cycure/assets/img/blog/standard_thumb03.jpg]
[themedox.com/demo/cycure/assets/img/blog/standard_thumb04.jpg]
[themedox.com/demo/cycure/assets/img/blog/rc_thumb01.jpg]
[themedox.com/demo/cycure/assets/img/blog/rc_thumb02.jpg]
[themedox.com/demo/cycure/assets/img/blog/rc_thumb03.jpg]
[themedox.com/demo/cycure/assets/img/blog/rc_thumb04.jpg]
[themedox.com/demo/cycure/blog.html]
[themedox.com/demo/cycure/assets/img/blog/avatar_img.jpg]
[themedox.com/demo/cycure/assets/img/blog/comment_avatar01.jpg]
[themedox.com/demo/cycure/assets/img/blog/comment_avatar02.jpg]
[themedox.com/demo/cycure/blog-details.html]
[themedox.com/demo/cycure/assets/img/bg/map.jpg]
[themedox.com/demo/cycure/contact.html]
[themedox.com/demo/cycure/assets/img/icons/cross.svg]
[themedox.com/demo/cycure/srevices.html]
[themedox.com/demo/cycure/assets/js/vendor/jquery-3.6.0.min.js]
[themedox.com/demo/cycure/assets/js/bootstrap.min.js]
[themedox.com/demo/cycure/assets/js/jquery.magnific-popup.min.js]
[themedox.com/demo/cycure/assets/js/jquery.odometer.min.js]
[themedox.com/demo/cycure/assets/js/jquery.appear.js]
[themedox.com/demo/cycure/GET]
[themedox.com/demo/cycure/Error pJS - No image.src]
[themedox.com/demo/cycure/assets/js/particles.min.js]
[themedox.com/demo/cycure/assets/js/slick.min.js]
[themedox.com/demo/cycure/assets/js/ajax-form.js]
[themedox.com/demo/cycure/assets/js/wow.min.js]
[themedox.com/demo/cycure/assets/js/main.js]
[themedox.com/demo/cycure/assets/fonts/fa-brands-400.svg]
[themedox.com/demo/cycure/assets/fonts/fa-regular-400.svg]
[themedox.com/demo/cycure/assets/fonts/fa-solid-900.svg]
[themedox.com/demo/cycure/assets/fonts/flaticon8028.svg]
[themedox.com/demo/cycure/assets/img/icons/star.svg]
[themedox.com/demo/cycure/assets/img/icons/check.svg]
[themedox.com/demo/cycure/assets/img/icons/reply_arrow.svg]
[themedox.com/demo/cycure/assets/js/app.js]
[themedox.com/demo/cycure/assets/img/icons/cart.svg]
[themedox.com/demo/cycure/GET.html]
[themedox.com/demo/cycure/Error pJS - No image.html]
